script: |-
  loop: in
        out
        jiu stop
        jump loop
  stop: hlt
input: |-
  bla bla
output: |-
  bla bla
out_log: |
  CP - CR - AC - BR - SR - IR - OR - AR - DR - SP
  00 | 00 | 00 | 00 | 02 | 00 | 00 | 00 | 00 | FF
  01 | 68 | 62 | 00 | 0A | 6C | 00 | 00 | 68 | FF
  02 | 60 | 62 | 00 | 0E | 6C | 62 | 01 | 60 | FF
  04 | F0 | 62 | 00 | 0A | 6C | 62 | 03 | 06 | FF
  00 | B8 | 62 | 00 | 0A | 6C | 62 | 05 | 00 | FF
  01 | 68 | 6C | 00 | 0A | 61 | 62 | 00 | 68 | FF
  02 | 60 | 6C | 00 | 0E | 61 | 6C | 01 | 60 | FF
  04 | F0 | 6C | 00 | 0A | 61 | 6C | 03 | 06 | FF
  00 | B8 | 6C | 00 | 0A | 61 | 6C | 05 | 00 | FF
  01 | 68 | 61 | 00 | 0A | 20 | 6C | 00 | 68 | FF
  02 | 60 | 61 | 00 | 0E | 20 | 61 | 01 | 60 | FF
  04 | F0 | 61 | 00 | 0A | 20 | 61 | 03 | 06 | FF
  00 | B8 | 61 | 00 | 0A | 20 | 61 | 05 | 00 | FF
  01 | 68 | 20 | 00 | 0A | 62 | 61 | 00 | 68 | FF
  02 | 60 | 20 | 00 | 0E | 62 | 20 | 01 | 60 | FF
  04 | F0 | 20 | 00 | 0A | 62 | 20 | 03 | 06 | FF
  00 | B8 | 20 | 00 | 0A | 62 | 20 | 05 | 00 | FF
  01 | 68 | 62 | 00 | 0A | 6C | 20 | 00 | 68 | FF
  02 | 60 | 62 | 00 | 0E | 6C | 62 | 01 | 60 | FF
  04 | F0 | 62 | 00 | 0A | 6C | 62 | 03 | 06 | FF
  CP - CR - AC - BR - SR - IR - OR - AR - DR - SP
  00 | B8 | 62 | 00 | 0A | 6C | 62 | 05 | 00 | FF
  01 | 68 | 6C | 00 | 0A | 61 | 62 | 00 | 68 | FF
  02 | 60 | 6C | 00 | 0E | 61 | 6C | 01 | 60 | FF
  04 | F0 | 6C | 00 | 0A | 61 | 6C | 03 | 06 | FF
  00 | B8 | 6C | 00 | 0A | 61 | 6C | 05 | 00 | FF
  01 | 68 | 61 | 00 | 02 | 61 | 6C | 00 | 68 | FF
  02 | 60 | 61 | 00 | 06 | 61 | 61 | 01 | 60 | FF
  06 | F0 | 61 | 00 | 02 | 61 | 61 | 03 | 06 | FF
