script: |-
  .data
  curr_sym_ptr: 0
  last_sym_ptr: 0

  str_ptr: 'Hello World!'

  .text
  main:   ld    str_ptr
          call  print
          hlt
  print:  st    curr_sym_ptr
          add  ~curr_sym_ptr
          st    last_sym_ptr
  p_loop: ld    curr_sym_ptr
          inc
          st    curr_sym_ptr
          cmp   last_sym_ptr
          jgt   exit_l
          ld   ~curr_sym_ptr
          out
          jump  p_loop
  exit_l: ret
input: |-

output: |-
  Hello World!
out_log: |
  CP - CR - AC - BR - SR - IR - OR - AR - DR - SP
  00 | 00 | 00 | 00 | 02 | 00 | 00 | 00 | 00 | FF
  02 | A0 | 99 | 00 | 82 | 00 | 00 | 98 | 99 | FF
  05 | B0 | 99 | FF | 82 | 00 | 00 | FF | 04 | FE
  07 | A8 | 99 | FF | 82 | 00 | 00 | 96 | 99 | FE
  09 | 91 | A5 | FF | 82 | 00 | 00 | 99 | 0C | FE
  0B | A8 | A5 | FF | 82 | 00 | 00 | 97 | A5 | FE
  0D | A0 | 99 | FF | 82 | 00 | 00 | 96 | 99 | FE
  0E | 4C | 9A | FF | 82 | 00 | 00 | 0D | 4C | FE
  10 | A8 | 9A | FF | 82 | 00 | 00 | 96 | 9A | FE
  12 | 98 | 9A | FF | 82 | 00 | 00 | 97 | A5 | FE
  14 | E0 | 9A | FF | 82 | 00 | 00 | 13 | 19 | FE
  16 | A1 | 48 | FF | 02 | 00 | 00 | 9A | 48 | FE
  17 | 60 | 48 | FF | 06 | 00 | 48 | 16 | 60 | FE
  0B | B8 | 48 | FF | 02 | 00 | 48 | 18 | 0B | FE
  0D | A0 | 9A | FF | 82 | 00 | 48 | 96 | 9A | FE
  0E | 4C | 9B | FF | 82 | 00 | 48 | 0D | 4C | FE
  10 | A8 | 9B | FF | 82 | 00 | 48 | 96 | 9B | FE
  12 | 98 | 9B | FF | 82 | 00 | 48 | 97 | A5 | FE
  14 | E0 | 9B | FF | 82 | 00 | 48 | 13 | 19 | FE
  16 | A1 | 65 | FF | 02 | 00 | 48 | 9B | 65 | FE
  CP - CR - AC - BR - SR - IR - OR - AR - DR - SP
  17 | 60 | 65 | FF | 06 | 00 | 65 | 16 | 60 | FE
  0B | B8 | 65 | FF | 02 | 00 | 65 | 18 | 0B | FE
  0D | A0 | 9B | FF | 82 | 00 | 65 | 96 | 9B | FE
  0E | 4C | 9C | FF | 82 | 00 | 65 | 0D | 4C | FE
  10 | A8 | 9C | FF | 82 | 00 | 65 | 96 | 9C | FE
  12 | 98 | 9C | FF | 82 | 00 | 65 | 97 | A5 | FE
  14 | E0 | 9C | FF | 82 | 00 | 65 | 13 | 19 | FE
  16 | A1 | 6C | FF | 02 | 00 | 65 | 9C | 6C | FE
  17 | 60 | 6C | FF | 06 | 00 | 6C | 16 | 60 | FE
  0B | B8 | 6C | FF | 02 | 00 | 6C | 18 | 0B | FE
  0D | A0 | 9C | FF | 82 | 00 | 6C | 96 | 9C | FE
  0E | 4C | 9D | FF | 82 | 00 | 6C | 0D | 4C | FE
  10 | A8 | 9D | FF | 82 | 00 | 6C | 96 | 9D | FE
  12 | 98 | 9D | FF | 82 | 00 | 6C | 97 | A5 | FE
  14 | E0 | 9D | FF | 82 | 00 | 6C | 13 | 19 | FE
  16 | A1 | 6C | FF | 02 | 00 | 6C | 9D | 6C | FE
  17 | 60 | 6C | FF | 06 | 00 | 6C | 16 | 60 | FE
  0B | B8 | 6C | FF | 02 | 00 | 6C | 18 | 0B | FE
  0D | A0 | 9D | FF | 82 | 00 | 6C | 96 | 9D | FE
  0E | 4C | 9E | FF | 82 | 00 | 6C | 0D | 4C | FE
  CP - CR - AC - BR - SR - IR - OR - AR - DR - SP
  10 | A8 | 9E | FF | 82 | 00 | 6C | 96 | 9E | FE
  12 | 98 | 9E | FF | 82 | 00 | 6C | 97 | A5 | FE
  14 | E0 | 9E | FF | 82 | 00 | 6C | 13 | 19 | FE
  16 | A1 | 6F | FF | 02 | 00 | 6C | 9E | 6F | FE
  17 | 60 | 6F | FF | 06 | 00 | 6F | 16 | 60 | FE
  0B | B8 | 6F | FF | 02 | 00 | 6F | 18 | 0B | FE
  0D | A0 | 9E | FF | 82 | 00 | 6F | 96 | 9E | FE
  0E | 4C | 9F | FF | 82 | 00 | 6F | 0D | 4C | FE
  10 | A8 | 9F | FF | 82 | 00 | 6F | 96 | 9F | FE
  12 | 98 | 9F | FF | 82 | 00 | 6F | 97 | A5 | FE
  14 | E0 | 9F | FF | 82 | 00 | 6F | 13 | 19 | FE
  16 | A1 | 20 | FF | 02 | 00 | 6F | 9F | 20 | FE
  17 | 60 | 20 | FF | 06 | 00 | 20 | 16 | 60 | FE
  0B | B8 | 20 | FF | 02 | 00 | 20 | 18 | 0B | FE
  0D | A0 | 9F | FF | 82 | 00 | 20 | 96 | 9F | FE
  0E | 4C | A0 | FF | 82 | 00 | 20 | 0D | 4C | FE
  10 | A8 | A0 | FF | 82 | 00 | 20 | 96 | A0 | FE
  12 | 98 | A0 | FF | 82 | 00 | 20 | 97 | A5 | FE
  14 | E0 | A0 | FF | 82 | 00 | 20 | 13 | 19 | FE
  16 | A1 | 57 | FF | 02 | 00 | 20 | A0 | 57 | FE
  CP - CR - AC - BR - SR - IR - OR - AR - DR - SP
  17 | 60 | 57 | FF | 06 | 00 | 57 | 16 | 60 | FE
  0B | B8 | 57 | FF | 02 | 00 | 57 | 18 | 0B | FE
  0D | A0 | A0 | FF | 82 | 00 | 57 | 96 | A0 | FE
  0E | 4C | A1 | FF | 82 | 00 | 57 | 0D | 4C | FE
  10 | A8 | A1 | FF | 82 | 00 | 57 | 96 | A1 | FE
  12 | 98 | A1 | FF | 82 | 00 | 57 | 97 | A5 | FE
  14 | E0 | A1 | FF | 82 | 00 | 57 | 13 | 19 | FE
  16 | A1 | 6F | FF | 02 | 00 | 57 | A1 | 6F | FE
  17 | 60 | 6F | FF | 06 | 00 | 6F | 16 | 60 | FE
  0B | B8 | 6F | FF | 02 | 00 | 6F | 18 | 0B | FE
  0D | A0 | A1 | FF | 82 | 00 | 6F | 96 | A1 | FE
  0E | 4C | A2 | FF | 82 | 00 | 6F | 0D | 4C | FE
  10 | A8 | A2 | FF | 82 | 00 | 6F | 96 | A2 | FE
  12 | 98 | A2 | FF | 82 | 00 | 6F | 97 | A5 | FE
  14 | E0 | A2 | FF | 82 | 00 | 6F | 13 | 19 | FE
  16 | A1 | 72 | FF | 02 | 00 | 6F | A2 | 72 | FE
  17 | 60 | 72 | FF | 06 | 00 | 72 | 16 | 60 | FE
  0B | B8 | 72 | FF | 02 | 00 | 72 | 18 | 0B | FE
  0D | A0 | A2 | FF | 82 | 00 | 72 | 96 | A2 | FE
  0E | 4C | A3 | FF | 82 | 00 | 72 | 0D | 4C | FE
  CP - CR - AC - BR - SR - IR - OR - AR - DR - SP
  10 | A8 | A3 | FF | 82 | 00 | 72 | 96 | A3 | FE
  12 | 98 | A3 | FF | 82 | 00 | 72 | 97 | A5 | FE
  14 | E0 | A3 | FF | 82 | 00 | 72 | 13 | 19 | FE
  16 | A1 | 6C | FF | 02 | 00 | 72 | A3 | 6C | FE
  17 | 60 | 6C | FF | 06 | 00 | 6C | 16 | 60 | FE
  0B | B8 | 6C | FF | 02 | 00 | 6C | 18 | 0B | FE
  0D | A0 | A3 | FF | 82 | 00 | 6C | 96 | A3 | FE
  0E | 4C | A4 | FF | 82 | 00 | 6C | 0D | 4C | FE
  10 | A8 | A4 | FF | 82 | 00 | 6C | 96 | A4 | FE
  12 | 98 | A4 | FF | 82 | 00 | 6C | 97 | A5 | FE
  14 | E0 | A4 | FF | 82 | 00 | 6C | 13 | 19 | FE
  16 | A1 | 64 | FF | 02 | 00 | 6C | A4 | 64 | FE
  17 | 60 | 64 | FF | 06 | 00 | 64 | 16 | 60 | FE
  0B | B8 | 64 | FF | 02 | 00 | 64 | 18 | 0B | FE
  0D | A0 | A4 | FF | 82 | 00 | 64 | 96 | A4 | FE
  0E | 4C | A5 | FF | 82 | 00 | 64 | 0D | 4C | FE
  10 | A8 | A5 | FF | 82 | 00 | 64 | 96 | A5 | FE
  12 | 98 | A5 | FF | 72 | 00 | 64 | 97 | A5 | FE
  14 | E0 | A5 | FF | 72 | 00 | 64 | 13 | 19 | FE
  16 | A1 | 21 | FF | 12 | 00 | 64 | A5 | 21 | FE
  CP - CR - AC - BR - SR - IR - OR - AR - DR - SP
  17 | 60 | 21 | FF | 16 | 00 | 21 | 16 | 60 | FE
  0B | B8 | 21 | FF | 12 | 00 | 21 | 18 | 0B | FE
  0D | A0 | A5 | FF | 92 | 00 | 21 | 96 | A5 | FE
  0E | 4C | A6 | FF | 82 | 00 | 21 | 0D | 4C | FE
  10 | A8 | A6 | FF | 82 | 00 | 21 | 96 | A6 | FE
  12 | 98 | A6 | FF | 12 | 00 | 21 | 97 | A5 | FE
  19 | E0 | A6 | FF | 12 | 00 | 21 | 13 | 19 | FE
  04 | 70 | A6 | FF | 12 | 00 | 21 | FF | 04 | FF
